// Jest Snapshot v1, https://goo.gl/fbAQLP

exports[`renders correctly 1`] = `
<div
  className="mt5"
>
  <div
    className="home margin0 dFlex justifyContentCenter mr2 alignItemsCenter"
  >
    <img
      alt="Academy logo"
      className="homeLogo mr1"
      src="logo.png"
    />
    <div>
      <h2
        className="title mb1"
      >
        Wrestling Academy
      </h2>
      <p
        className="mb1"
      >
        WA is a wrestling academy that dedicates its efforts to train new and promising wrestlers, our environment takes the profession seriously, if you decide to train with us, we can assure you that we will take you to the top as we have done before with other wrestlers, now our alumni, winners of several tournaments, return home to train new wrestling stars, will you be the next face of wrestling?
      </p>
    </div>
  </div>
</div>
`;
